{"@timestamp": "2025-06-22T10:00:00", "url": "/api/test", "response_time": 0.1}
